
> my-v0-project@0.1.0 build
> next build

   Γû▓ Next.js 15.1.6
   - Environments: .env.local

   Creating an optimized production build ...
npm : Failed to compile.
At line:1 char:1
+ npm run build -- > 
build_error.log 2>&1
+ ~~~~~~~~~~~~~~~~~~~~~~~~~~
~~~~~~~~~~~~~
    + CategoryInfo          
    : NotSpecified: (Faile  
  d to compile.:String) [   
 ], RemoteException
    + FullyQualifiedErrorId 
    : NativeCommandError
 

./node_modules/https-proxy-a
gent/dist/agent.js
Module not found: Can't 
resolve 'net'

https://nextjs.org/docs/mess
ages/module-not-found

Import trace for requested 
module:
./node_modules/https-proxy-a
gent/dist/index.js
./node_modules/twilio/lib/ba
se/RequestClient.js
./node_modules/twilio/lib/in
dex.js
./lib/twilio-service.ts
./app/emergency/page.tsx

./node_modules/https-proxy-a
gent/dist/agent.js
Module not found: Can't 
resolve 'tls'

https://nextjs.org/docs/mess
ages/module-not-found

Import trace for requested 
module:
./node_modules/https-proxy-a
gent/dist/index.js
./node_modules/twilio/lib/ba
se/RequestClient.js
./node_modules/twilio/lib/in
dex.js
./lib/twilio-service.ts
./app/emergency/page.tsx

./node_modules/twilio/lib/ba
se/RequestClient.js
Module not found: Can't 
resolve 'fs'

https://nextjs.org/docs/mess
ages/module-not-found

Import trace for requested 
module:
./node_modules/twilio/lib/in
dex.js
./lib/twilio-service.ts
./app/emergency/page.tsx


> Build failed because of 
webpack errors
