� Testing Google Sheets Access
==================================================

📊 Testing Camps Sheet...
URL: https://sheets.googleapis.com/v4/spreadsheets/1gKzQrAQCottc6LSFlg3ExZrJsbxhY9XB-4vR9dPpHrc/values/Sheet1!A:Z?key=AIzaSyATkIN8afpu3s-kkWExCLSAPRlVZS7glaM
✅ Camps Sheet is accessible!
   Rows found: 4
   Headers: Blood Donation , Yoga day, Medical Camp, Drug Awarness
   Data rows: 3

📊 Testing Admins Sheet...
URL: https://sheets.googleapis.com/v4/spreadsheets/1a8l9Uiotk7ENYbHqONVqb2dRbCdAqpTej9DUjDtTCdg/values/Sheet1!A:Z?key=AIzaSyATkIN8afpu3s-kkWExCLSAPRlVZS7glaM
✅ Admins Sheet is accessible!
   Rows found: 5
   Headers: Yugendhar, Admin, , Vignan pranadara incharge , https://drive.google.com/file/d/1lKwq_C4A-zzktrL5iv-VAav0A5sfVVRt/view?usp=sharing
   Data rows: 4

==================================================
